// Jest Snapshot v1, https://goo.gl/fbAQLP

exports[`DatasetSummary.vue Renders view properly 1`] = `
<div class="grid u-flex__justify--center">
  <div class="grid-cell grid-cell--col7 main-column">
    <div class="map-header"><img src="../assets/map-samples.jpg" alt="map-sample"></div>
    <p class="text is-caption is-txtMainTextColor u-mt--32">
      Retail Centrality is the ratio between Retail Turnover Index and Retail Spending Index multiplied by 100. It describes the ability of an area to pin the Retail Spending of its population and of other areas' population down to the local retail trade.
    </p>
    <div class="key-variables u-mt--32">
      <h5 class="title is-caption is-txtMainTextColor">Key variables <a href="#" class="is-small">(View all)</a></h5>
      <ul class="grid text is-caption bullet-list u-mt--24">
        <li class="grid-cell grid-cell--col6">Households by age of reference person</li>
        <li class="grid-cell grid-cell--col6">Households by number of dependant children</li>
        <li class="grid-cell grid-cell--col6">Households by dwelling type</li>
        <li class="grid-cell grid-cell--col6">Households by number of rooms</li>
        <li class="grid-cell grid-cell--col6">Households by economic activity</li>
        <li class="grid-cell grid-cell--col6">Households by size</li>
        <li class="grid-cell grid-cell--col6">Households by ethnic groups</li>
        <li class="grid-cell grid-cell--col6">Households by tenure</li>
      </ul>
    </div>
  </div>
  <div class="grid-cell--col1"></div>
  <div class="grid-cell grid-cell--col2 sidebar">
    <ul class="side-characteristics">
      <li class="u-mb--32">
        <h4 class="text is-small is-txtSoftGrey u-mb--10">Licence</h4>
        <p class="text is-caption is-txtMainTextColor">Premium Data</p>
      </li>
      <li class="u-mb--32">
        <h4 class="text is-small is-txtSoftGrey u-mb--10">Country</h4>
        <p class="text is-caption is-txtMainTextColor">United States of America</p>
      </li>
      <li class="u-mb--32">
        <h4 class="text is-small is-txtSoftGrey u-mb--10">Source</h4>
        <p class="text is-caption is-txtMainTextColor">Michael Bauer International</p>
      </li>
      <li class="u-mb--32">
        <h4 class="text is-small is-txtSoftGrey u-mb--10">Geography</h4>
        <p class="text is-caption is-txtMainTextColor">USA - PC 5-digit</p>
      </li>
      <li class="u-mb--32">
        <h4 class="text is-small is-txtSoftGrey u-mb--10">Temporal aggregation</h4>
        <p class="text is-caption is-txtMainTextColor">Yearly</p>
      </li>
      <li class="u-mb--32">
        <h4 class="text is-small is-txtSoftGrey u-mb--10">Update Frequency</h4>
        <p class="text is-caption is-txtMainTextColor">None</p>
      </li>
    </ul>
  </div>
</div>
`;
