// Jest Snapshot v1, https://goo.gl/fbAQLP

exports[`DatasetHeader.vue Renders view properly 1`] = `
<header class="grid u-flex__justify--center u-mb--36 u-mt--36">
  <div class="grid-cell grid-cell--col7">
    <nav class="breadcrumbs">
      <p class="text is-caption is-txtMainTextColor"><a class="title is-txtMainTextColor">Demographics</a> /
        <a class="text is-txtMainTextColor">Retail Centrality</a></p>
    </nav>
    <h2 class="title is-subheader is-txtMainTextColor u-mt--4">Retail Centrality at PC 5-digit (postal) level for USA</h2>
  </div>
  <div class="grid-cell--col1"></div>
  <div class="grid-cell--col2">
    <div class="u-flex u-flex__justify--end"><button class="button">Subscribe for Free</button></div>
    <p class="text is-small is-txtMainTextColor u-mt--16 right-align">Any questions? <a href="/">Contact</a></p>
  </div>
</header>
`;
